============================= test session starts =============================
platform win32 -- Python 3.13.14, pytest-9.1.1, pluggy-1.6.0 -- C:\Users\Anshu\AppData\Local\Programs\Python\Python313\python.exe
cachedir: .pytest_cache
rootdir: C:\Users\Anshu\OneDrive\Desktop\AutomationProject\AutomationFramework
configfile: pytest.ini
collecting ... collected 1 item

python.exe : 2026-07-06 13:48:35,641 - tests.conftest - INFO - Starting test: 
test_gmail_login
At line:1 char:78
+ ... Framework'; & 'C:\Users\Anshu\AppData\Local\Programs\Python\Python313 ...
+                 ~~~~~~~~~~~~~~~~~~~~~~~~~~~~~~~~~~~~~~~~~~~~~~~~~~~~~~~~~
    + CategoryInfo          : NotSpecified: (2026-07-06 13:4...est_gmail_login 
   :String) [], RemoteException
    + FullyQualifiedErrorId : NativeCommandError
 
2026-07-06 13:48:42,546 - tests.conftest - INFO - Completed test: 
test_gmail_login
tests/test_gmail_login.py::test_gmail_login FAILED

================================== FAILURES ===================================
______________________________ test_gmail_login _______________________________
tests\test_gmail_login.py:39: in test_gmail_login
    print("\u2713 Navigated to Gmail")
..\..\..\..\AppData\Local\Programs\Python\Python313\Lib\encodings\cp1252.py:19: in encode
    return codecs.charmap_encode(input,self.errors,encoding_table)[0]
           ^^^^^^^^^^^^^^^^^^^^^^^^^^^^^^^^^^^^^^^^^^^^^^^^^^^^^^^
E   UnicodeEncodeError: 'charmap' codec can't encode character '\u2713' in position 0: character maps to <undefined>

During handling of the above exception, another exception occurred:
tests\test_gmail_login.py:126: in test_gmail_login
    print(f"\u2717 Test failed: {str(e)}")
..\..\..\..\AppData\Local\Programs\Python\Python313\Lib\encodings\cp1252.py:19: in encode
    return codecs.charmap_encode(input,self.errors,encoding_table)[0]
           ^^^^^^^^^^^^^^^^^^^^^^^^^^^^^^^^^^^^^^^^^^^^^^^^^^^^^^^
E   UnicodeEncodeError: 'charmap' codec can't encode character '\u2717' in position 0: character maps to <undefined>

During handling of the above exception, another exception occurred:
tests\test_gmail_login.py:134: in test_gmail_login
    print("\u23f3 Keeping browser open for 30 seconds (for 2FA if needed)...")
..\..\..\..\AppData\Local\Programs\Python\Python313\Lib\encodings\cp1252.py:19: in encode
    return codecs.charmap_encode(input,self.errors,encoding_table)[0]
           ^^^^^^^^^^^^^^^^^^^^^^^^^^^^^^^^^^^^^^^^^^^^^^^^^^^^^^^
E   UnicodeEncodeError: 'charmap' codec can't encode character '\u23f3' in position 0: character maps to <undefined>
----------------------------- Captured log setup ------------------------------
INFO     tests.conftest:conftest.py:39 Starting test: test_gmail_login
---------------------------- Captured log teardown ----------------------------
INFO     tests.conftest:conftest.py:41 Completed test: test_gmail_login
=========================== short test summary info ===========================
FAILED tests/test_gmail_login.py::test_gmail_login - UnicodeEncodeError: 'charmap' codec can't encode character '\u23f3' in position 0: character maps to <undefined>
============================== 1 failed in 6.94s ==============================
